error: Destructuring bindings require initializers
 --> $DIR/tests/test262-parser/fail/d17d3aebb6a3cf43.js:1:24
  |
1 | "use strict"; for (let {a: b = let};;) {}
  |                        ^^^^^^^^^^^^

