(1,7): expected-doctype-but-got-start-tag
(1,52): unexpected-cell-in-table-body
(1,80): unexpected-start-tag-ignored