(1,6): expected-doctype-but-got-start-tag
(1,32): expected-closing-tag-but-got-eof