(1,53): expected-attribute-name-but-got-eof
(1,53): expected-named-closing-tag-but-got-eof