(1,32): unexpected-end-tag
(1,33): expected-closing-tag-but-got-eof