(1,38): unexpected-start-tag
(1,45): eof-in-frameset