(1,42): unexpected-start-tag-implies-end-tag
(1,42): adoption-agency-1.3
(1,46): adoption-agency-1.3
(1,50): expected-closing-tag-but-got-eof