
  x Unterminated block comment
   ,-[$DIR/tests/test262-parser/fail/766e0153d3f7ec95.js:2:1]
 2 | /*
   : ^^
   `----
