
  x Expected unicode escape
   ,-[$DIR/tests/test262-parser/fail/b11b4ca186c00769.js:2:1]
 2 | \\
   : ^
   `----
