
  x Unexpected token `;`. Expected a string literal
   ,-[$DIR/tests/test262-parser/fail/f0463cd0addb96cc.module.js:2:1]
 2 | import {} from;
   :               ^
   `----
