Module {
    span: Span {
        lo: BytePos(
            0
        ),
        hi: BytePos(
            46
        ),
        ctxt: #0
    },
    body: [
        Stmt(
            Decl(
                Var(
                    VarDecl {
                        span: Span {
                            lo: BytePos(
                                0
                            ),
                            hi: BytePos(
                                46
                            ),
                            ctxt: #0
                        },
                        kind: "let",
                        declare: false,
                        decls: [
                            VarDeclarator {
                                span: Span {
                                    lo: BytePos(
                                        4
                                    ),
                                    hi: BytePos(
                                        45
                                    ),
                                    ctxt: #0
                                },
                                name: Ident(
                                    Ident {
                                        sym: x,
                                        span: Span {
                                            lo: BytePos(
                                                4
                                            ),
                                            hi: BytePos(
                                                5
                                            ),
                                            ctxt: #0
                                        },
                                        type_ann: Some(
                                            TsTypeAnn {
                                                span: Span {
                                                    lo: BytePos(
                                                        5
                                                    ),
                                                    hi: BytePos(
                                                        45
                                                    ),
                                                    ctxt: #0
                                                },
                                                type_ann: TsConditionalType(
                                                    TsConditionalType {
                                                        span: Span {
                                                            lo: BytePos(
                                                                7
                                                            ),
                                                            hi: BytePos(
                                                                45
                                                            ),
                                                            ctxt: #0
                                                        },
                                                        check_type: TsKeywordType(
                                                            TsKeywordType {
                                                                span: Span {
                                                                    lo: BytePos(
                                                                        7
                                                                    ),
                                                                    hi: BytePos(
                                                                        13
                                                                    ),
                                                                    ctxt: #0
                                                                },
                                                                kind: TsNumberKeyword
                                                            }
                                                        ),
                                                        extends_type: TsKeywordType(
                                                            TsKeywordType {
                                                                span: Span {
                                                                    lo: BytePos(
                                                                        22
                                                                    ),
                                                                    hi: BytePos(
                                                                        28
                                                                    ),
                                                                    ctxt: #0
                                                                },
                                                                kind: TsStringKeyword
                                                            }
                                                        ),
                                                        true_type: TsKeywordType(
                                                            TsKeywordType {
                                                                span: Span {
                                                                    lo: BytePos(
                                                                        31
                                                                    ),
                                                                    hi: BytePos(
                                                                        38
                                                                    ),
                                                                    ctxt: #0
                                                                },
                                                                kind: TsBooleanKeyword
                                                            }
                                                        ),
                                                        false_type: TsKeywordType(
                                                            TsKeywordType {
                                                                span: Span {
                                                                    lo: BytePos(
                                                                        41
                                                                    ),
                                                                    hi: BytePos(
                                                                        45
                                                                    ),
                                                                    ctxt: #0
                                                                },
                                                                kind: TsNullKeyword
                                                            }
                                                        )
                                                    }
                                                )
                                            }
                                        ),
                                        optional: false
                                    }
                                ),
                                init: None,
                                definite: false
                            }
                        ]
                    }
                )
            )
        )
    ],
    shebang: None
}
