error: Invalid unciode code point
 --> $DIR/tests/typescript-errors/tsc/es6/unicodeExtendedEscapes/unicodeExtendedEscapesInTemplates17_ES6/input.ts:3:18
  |
3 | var x = `\u{r}\u{n}\u{t}`;
  |                  ^

